[2025-05-01T09:19:17.831Z] === Project Zomboid Mods by Creator 76561198041411600 (2025-05-01) ===

[2025-05-01T09:19:17.836Z] Récupération des mods pour le Creator ID: 76561198041411600
[2025-05-01T09:19:18.345Z] 
=== Informations Créateur ===
[2025-05-01T09:19:18.346Z] Nom: Champy
[2025-05-01T09:19:18.346Z] URL Profil: https://steamcommunity.com/id/champignondu56/
[2025-05-01T09:19:18.347Z] Récupération des IDs des mods du créateur 76561198041411600, page 1...
[2025-05-01T09:19:18.924Z] Statut HTTP: 200
[2025-05-01T09:19:19.002Z] Trouvé 100 mods associés au créateur.
[2025-05-01T09:19:19.008Z] Récupération des détails pour 100 mods...
[2025-05-01T09:19:19.668Z] Récupéré les détails pour 100 mods.
[2025-05-01T09:19:19.674Z] Données sauvegardées dans creator-76561198041411600-mods-2025-05-01.json
[2025-05-01T09:19:19.675Z] 
=== Résumé des Mods par Champy ===
[2025-05-01T09:19:19.675Z] 
-- Mods les plus populaires --
[2025-05-01T09:19:19.704Z] 1. Mod Options (Build 41) - 5 118 116 abonnés
[2025-05-01T09:19:19.705Z] 2. Weapon Condition Indicator [41.60+] - 3 972 034 abonnés
[2025-05-01T09:19:19.706Z] 3. Brita's Weapon Pack - 3 544 075 abonnés
[2025-05-01T09:19:19.707Z] 4. Better Sorting - 3 429 818 abonnés
[2025-05-01T09:19:19.710Z] 5. Common Sense - 3 398 296 abonnés
[2025-05-01T09:19:19.710Z] 6. True Actions. Act 1 & 2 - Sitting & Lying [for MP disable anti-cheat type 12] - 3 329 382 abonnés
[2025-05-01T09:19:19.711Z] 7. Brita's Armor Pack - 3 265 808 abonnés
[2025-05-01T09:19:19.712Z] 8. Mod Manager - 2 832 015 abonnés
[2025-05-01T09:19:19.713Z] 9. Has Been Read - 2 565 604 abonnés
[2025-05-01T09:19:19.714Z] 10. Authentic Z - 2 423 890 abonnés
[2025-05-01T09:19:19.715Z] 
-- Mods les plus récents --
[2025-05-01T09:19:19.726Z] 1. Open All Containers [B42/41] - Publié le 16/04/2025
[2025-05-01T09:19:19.727Z] 2. [B42]Clean HotBar v1.7 - Publié le 10/04/2025
[2025-05-01T09:19:19.736Z] 3. darlak's H.E.C.U. - Publié le 27/03/2025
[2025-05-01T09:19:19.737Z] 4. '66 Pontiac LeMans / GTO - Publié le 18/03/2025
[2025-05-01T09:19:19.738Z] 5. [B42]CleanUI V1.98 - Publié le 03/03/2025
[2025-05-01T09:19:19.738Z] 6. [B42] Useful Barrels - Publié le 01/03/2025
[2025-05-01T09:19:19.739Z] 7. '88 Toyota Hilux - Publié le 28/02/2025
[2025-05-01T09:19:19.740Z] 8. Tomb's Player Body Overhaul - Publié le 18/02/2025
[2025-05-01T09:19:19.741Z] 9. '86 Chevrolet CUCVs + M101A2 Trailer - Publié le 15/02/2025
[2025-05-01T09:19:19.742Z] 10. Picking Meister - Publié le 06/02/2025
[2025-05-01T09:19:19.746Z] 
-- Tags les plus utilisés --
[2025-05-01T09:19:19.748Z] 1. Build 42: 82 mods
[2025-05-01T09:19:19.749Z] 2. Build 41: 75 mods
[2025-05-01T09:19:19.750Z] 3. Multiplayer: 44 mods
[2025-05-01T09:19:19.751Z] 4. Interface: 35 mods
[2025-05-01T09:19:19.753Z] 5. Misc: 33 mods
[2025-05-01T09:19:19.754Z] 6. Realistic: 27 mods
[2025-05-01T09:19:19.756Z] 7. Vehicles: 21 mods
[2025-05-01T09:19:19.757Z] 8. QOL: 21 mods
[2025-05-01T09:19:19.758Z] 9. Items: 18 mods
[2025-05-01T09:19:19.763Z] 10. Balance: 13 mods
